// Jest Snapshot v1, https://goo.gl/fbAQLP

exports[`should render BlogDashboardPage correctly 1`] = `
<div>
  <BlogListFilters />
  <Connect(BlogList) />
</div>
`;
